
> hireiq-web-frontend@1.0.0 start
> react-scripts start

(node:4331) [DEP_WEBPACK_DEV_SERVER_ON_AFTER_SETUP_MIDDLEWARE] DeprecationWarning: 'onAfterSetupMiddleware' option is deprecated. Please use the 'setupMiddlewares' option.
(Use `node --trace-deprecation ...` to show where the warning was created)
(node:4331) [DEP_WEBPACK_DEV_SERVER_ON_BEFORE_SETUP_MIDDLEWARE] DeprecationWarning: 'onBeforeSetupMiddleware' option is deprecated. Please use the 'setupMiddlewares' option.
Starting the development server...

Compiled with warnings.

[eslint] 
src/contexts/AuthContext.js
  Line 17:11:  'session' is assigned a value but never used  no-unused-vars

src/pages/CandidateDashboard.js
  Line 17:10:  'appFeedback' is assigned a value but never used     no-unused-vars
  Line 17:23:  'setAppFeedback' is assigned a value but never used  no-unused-vars
  Line 28:17:  'error' is assigned a value but never used           no-unused-vars
  Line 34:17:  'error' is assigned a value but never used           no-unused-vars
  Line 39:17:  'error' is assigned a value but never used           no-unused-vars

src/pages/RecruiterDashboard.js
  Line 9:10:   'parseResumeAI' is defined but never used     no-unused-vars
  Line 72:18:  'handleScore' is defined but never used       no-unused-vars
  Line 88:18:  'handleInterviewQ' is defined but never used  no-unused-vars

Search for the keywords to learn more about each warning.
To ignore, add // eslint-disable-next-line to the line before.

WARNING in [eslint] 
src/contexts/AuthContext.js
  Line 17:11:  'session' is assigned a value but never used  no-unused-vars

src/pages/CandidateDashboard.js
  Line 17:10:  'appFeedback' is assigned a value but never used     no-unused-vars
  Line 17:23:  'setAppFeedback' is assigned a value but never used  no-unused-vars
  Line 28:17:  'error' is assigned a value but never used           no-unused-vars
  Line 34:17:  'error' is assigned a value but never used           no-unused-vars
  Line 39:17:  'error' is assigned a value but never used           no-unused-vars

src/pages/RecruiterDashboard.js
  Line 9:10:   'parseResumeAI' is defined but never used     no-unused-vars
  Line 72:18:  'handleScore' is defined but never used       no-unused-vars
  Line 88:18:  'handleInterviewQ' is defined but never used  no-unused-vars

webpack compiled with 1 warning
Compiling...
Compiled with warnings.

[eslint] 
src/contexts/AuthContext.js
  Line 17:11:  'session' is assigned a value but never used  no-unused-vars

src/pages/CandidateDashboard.js
  Line 17:10:  'appFeedback' is assigned a value but never used     no-unused-vars
  Line 17:23:  'setAppFeedback' is assigned a value but never used  no-unused-vars
  Line 28:17:  'error' is assigned a value but never used           no-unused-vars
  Line 34:17:  'error' is assigned a value but never used           no-unused-vars
  Line 39:17:  'error' is assigned a value but never used           no-unused-vars

src/pages/RecruiterDashboard.js
  Line 9:10:   'parseResumeAI' is defined but never used     no-unused-vars
  Line 72:18:  'handleScore' is defined but never used       no-unused-vars
  Line 88:18:  'handleInterviewQ' is defined but never used  no-unused-vars

Search for the keywords to learn more about each warning.
To ignore, add // eslint-disable-next-line to the line before.

WARNING in [eslint] 
src/contexts/AuthContext.js
  Line 17:11:  'session' is assigned a value but never used  no-unused-vars

src/pages/CandidateDashboard.js
  Line 17:10:  'appFeedback' is assigned a value but never used     no-unused-vars
  Line 17:23:  'setAppFeedback' is assigned a value but never used  no-unused-vars
  Line 28:17:  'error' is assigned a value but never used           no-unused-vars
  Line 34:17:  'error' is assigned a value but never used           no-unused-vars
  Line 39:17:  'error' is assigned a value but never used           no-unused-vars

src/pages/RecruiterDashboard.js
  Line 9:10:   'parseResumeAI' is defined but never used     no-unused-vars
  Line 72:18:  'handleScore' is defined but never used       no-unused-vars
  Line 88:18:  'handleInterviewQ' is defined but never used  no-unused-vars

webpack compiled with 1 warning
Compiling...
Compiled with warnings.

[eslint] 
src/contexts/AuthContext.js
  Line 17:11:  'session' is assigned a value but never used  no-unused-vars

src/pages/CandidateDashboard.js
  Line 17:10:  'appFeedback' is assigned a value but never used     no-unused-vars
  Line 17:23:  'setAppFeedback' is assigned a value but never used  no-unused-vars
  Line 28:17:  'error' is assigned a value but never used           no-unused-vars
  Line 34:17:  'error' is assigned a value but never used           no-unused-vars
  Line 39:17:  'error' is assigned a value but never used           no-unused-vars

src/pages/RecruiterDashboard.js
  Line 9:10:   'parseResumeAI' is defined but never used     no-unused-vars
  Line 72:18:  'handleScore' is defined but never used       no-unused-vars
  Line 88:18:  'handleInterviewQ' is defined but never used  no-unused-vars

Search for the keywords to learn more about each warning.
To ignore, add // eslint-disable-next-line to the line before.

WARNING in [eslint] 
src/contexts/AuthContext.js
  Line 17:11:  'session' is assigned a value but never used  no-unused-vars

src/pages/CandidateDashboard.js
  Line 17:10:  'appFeedback' is assigned a value but never used     no-unused-vars
  Line 17:23:  'setAppFeedback' is assigned a value but never used  no-unused-vars
  Line 28:17:  'error' is assigned a value but never used           no-unused-vars
  Line 34:17:  'error' is assigned a value but never used           no-unused-vars
  Line 39:17:  'error' is assigned a value but never used           no-unused-vars

src/pages/RecruiterDashboard.js
  Line 9:10:   'parseResumeAI' is defined but never used     no-unused-vars
  Line 72:18:  'handleScore' is defined but never used       no-unused-vars
  Line 88:18:  'handleInterviewQ' is defined but never used  no-unused-vars

webpack compiled with 1 warning
